# Test BFS finding a long path.

# Load graph
loaded graph map

# Find a long path from location1 to location7 and the reverse
path from location1 to location7:
location1 to location2 via road2
location2 to location3 via road3
location3 to location4 via road4
location4 to location5 via road5
location5 to location6 via road6
location6 to location7 via road7
path from location7 to location1:
location7 to location6 via road7
location6 to location5 via road6
location5 to location4 via road5
location4 to location3 via road4
location3 to location2 via road3
location2 to location1 via road2