Menu:
r to find a route
b to see a list of all buildings
q to quit

Enter an option ('m' to see the menu): # Verify that the program prints two unknown buildings
# with unknown origin and destination building.

# get shortest path with both buildings unknown
Abbreviated name of starting building: Abbreviated name of ending building: Unknown building: unknown1
Unknown building: unknown2

Enter an option ('m' to see the menu):
# quit
